../Core/Src/main.c:94:5:main	168	static
../Core/Src/main.c:300:6:SystemClock_Config	88	static
../Core/Src/main.c:346:13:MX_CRC_Init	8	static
../Core/Src/main.c:372:13:MX_DMA2D_Init	8	static
../Core/Src/main.c:409:13:MX_I2C3_Init	8	static
../Core/Src/main.c:457:13:MX_LTDC_Init	64	static
../Core/Src/main.c:519:13:MX_SPI5_Init	8	static
../Core/Src/main.c:557:13:MX_TIM1_Init	32	static
../Core/Src/main.c:603:13:MX_USART1_UART_Init	8	static
../Core/Src/main.c:632:13:MX_FMC_Init	40	static
../Core/Src/main.c:683:13:MX_GPIO_Init	64	static
../Core/Src/main.c:780:6:StartDefaultTask	16	static
../Core/Src/main.c:801:6:HAL_TIM_PeriodElapsedCallback	16	static
../Core/Src/main.c:819:6:Error_Handler	4	static,ignoring_inline_asm
