../Core/Src/stm32f4xx_hal_msp.c:63:6:HAL_MspInit	16	static
../Core/Src/stm32f4xx_hal_msp.c:88:6:HAL_CRC_MspInit	24	static
../Core/Src/stm32f4xx_hal_msp.c:111:6:HAL_CRC_MspDeInit	16	static
../Core/Src/stm32f4xx_hal_msp.c:133:6:HAL_DMA2D_MspInit	24	static
../Core/Src/stm32f4xx_hal_msp.c:159:6:HAL_DMA2D_MspDeInit	16	static
../Core/Src/stm32f4xx_hal_msp.c:184:6:HAL_I2C_MspInit	48	static
../Core/Src/stm32f4xx_hal_msp.c:229:6:HAL_I2C_MspDeInit	16	static
../Core/Src/stm32f4xx_hal_msp.c:260:6:HAL_SPI_MspInit	48	static
../Core/Src/stm32f4xx_hal_msp.c:298:6:HAL_SPI_MspDeInit	16	static
../Core/Src/stm32f4xx_hal_msp.c:328:6:HAL_TIM_Base_MspInit	24	static
../Core/Src/stm32f4xx_hal_msp.c:351:6:HAL_TIM_Base_MspDeInit	16	static
../Core/Src/stm32f4xx_hal_msp.c:373:6:HAL_UART_MspInit	48	static
../Core/Src/stm32f4xx_hal_msp.c:410:6:HAL_UART_MspDeInit	16	static
../Core/Src/stm32f4xx_hal_msp.c:435:13:HAL_FMC_MspInit	32	static
../Core/Src/stm32f4xx_hal_msp.c:541:6:HAL_SDRAM_MspInit	16	static
../Core/Src/stm32f4xx_hal_msp.c:553:13:HAL_FMC_MspDeInit	8	static
../Core/Src/stm32f4xx_hal_msp.c:627:6:HAL_SDRAM_MspDeInit	16	static
