../Drivers/BSP/Components/lsm303agr/lsm303agr.c:95:6:LSM303AGR_AccInit	24	static
../Drivers/BSP/Components/lsm303agr/lsm303agr.c:116:6:LSM303AGR_AccDeInit	4	static
../Drivers/BSP/Components/lsm303agr/lsm303agr.c:125:9:LSM303AGR_AccReadID	16	static
../Drivers/BSP/Components/lsm303agr/lsm303agr.c:143:6:LSM303AGR_AccRebootCmd	16	static
../Drivers/BSP/Components/lsm303agr/lsm303agr.c:162:6:LSM303AGR_AccFilterConfig	24	static
../Drivers/BSP/Components/lsm303agr/lsm303agr.c:184:6:LSM303AGR_AccFilterCmd	24	static
../Drivers/BSP/Components/lsm303agr/lsm303agr.c:204:6:LSM303AGR_AccReadXYZ	40	static
../Drivers/BSP/Components/lsm303agr/lsm303agr.c:273:6:LSM303AGR_AccFilterClickCmd	24	static
../Drivers/BSP/Components/lsm303agr/lsm303agr.c:301:6:LSM303AGR_AccIT1Enable	24	static
../Drivers/BSP/Components/lsm303agr/lsm303agr.c:328:6:LSM303AGR_AccIT1Disable	24	static
../Drivers/BSP/Components/lsm303agr/lsm303agr.c:354:6:LSM303AGR_AccIT2Enable	24	static
../Drivers/BSP/Components/lsm303agr/lsm303agr.c:380:6:LSM303AGR_AccIT2Disable	24	static
../Drivers/BSP/Components/lsm303agr/lsm303agr.c:400:6:LSM303AGR_AccINT1InterruptEnable	24	static
../Drivers/BSP/Components/lsm303agr/lsm303agr.c:420:6:LSM303AGR_AccINT1InterruptDisable	24	static
../Drivers/BSP/Components/lsm303agr/lsm303agr.c:440:6:LSM303AGR_AccINT2InterruptEnable	24	static
../Drivers/BSP/Components/lsm303agr/lsm303agr.c:460:6:LSM303AGR_AccINT2InterruptDisable	24	static
../Drivers/BSP/Components/lsm303agr/lsm303agr.c:479:6:LSM303AGR_AccClickITEnable	24	static
../Drivers/BSP/Components/lsm303agr/lsm303agr.c:513:6:LSM303AGR_AccClickITDisable	24	static
../Drivers/BSP/Components/lsm303agr/lsm303agr.c:532:6:LSM303AGR_AccZClickITConfig	8	static
