../Core/Src/main.c:107:5:main	24	static
../Core/Src/main.c:193:6:SystemClock_Config	88	static
../Core/Src/main.c:239:13:MX_CRC_Init	8	static
../Core/Src/main.c:265:13:MX_DMA2D_Init	8	static
../Core/Src/main.c:302:13:MX_I2C3_Init	8	static
../Core/Src/main.c:350:13:MX_LTDC_Init	64	static
../Core/Src/main.c:412:13:MX_SPI5_Init	8	static
../Core/Src/main.c:450:13:MX_TIM1_Init	32	static
../Core/Src/main.c:496:13:MX_USART1_UART_Init	8	static
../Core/Src/main.c:529:13:MX_USB_OTG_HS_HCD_Init	8	static
../Core/Src/main.c:559:13:MX_FMC_Init	40	static
../Core/Src/main.c:610:13:MX_GPIO_Init	64	static
../Core/Src/main.c:698:6:HAL_UART_RxCpltCallback	16	static
../Core/Src/main.c:724:6:StartDefaultTask	16	static
../Core/Src/main.c:743:6:HAL_TIM_PeriodElapsedCallback	16	static
../Core/Src/main.c:761:6:Error_Handler	4	static,ignoring_inline_asm
