../Core/Src/stm32f4xx_hal_msp.c:63:6:HAL_MspInit	16	static
../Core/Src/stm32f4xx_hal_msp.c:88:6:HAL_CRC_MspInit	24	static
../Core/Src/stm32f4xx_hal_msp.c:111:6:HAL_CRC_MspDeInit	16	static
../Core/Src/stm32f4xx_hal_msp.c:133:6:HAL_DMA2D_MspInit	24	static
../Core/Src/stm32f4xx_hal_msp.c:159:6:HAL_DMA2D_MspDeInit	16	static
../Core/Src/stm32f4xx_hal_msp.c:184:6:HAL_I2C_MspInit	48	static
../Core/Src/stm32f4xx_hal_msp.c:229:6:HAL_I2C_MspDeInit	16	static
../Core/Src/stm32f4xx_hal_msp.c:260:6:HAL_LTDC_MspInit	112	static
../Core/Src/stm32f4xx_hal_msp.c:388:6:HAL_LTDC_MspDeInit	16	static
../Core/Src/stm32f4xx_hal_msp.c:452:6:HAL_SPI_MspInit	48	static
../Core/Src/stm32f4xx_hal_msp.c:490:6:HAL_SPI_MspDeInit	16	static
../Core/Src/stm32f4xx_hal_msp.c:520:6:HAL_TIM_Base_MspInit	24	static
../Core/Src/stm32f4xx_hal_msp.c:543:6:HAL_TIM_Base_MspDeInit	16	static
../Core/Src/stm32f4xx_hal_msp.c:565:6:HAL_UART_MspInit	48	static
../Core/Src/stm32f4xx_hal_msp.c:605:6:HAL_UART_MspDeInit	16	static
../Core/Src/stm32f4xx_hal_msp.c:636:6:HAL_HCD_MspInit	48	static
../Core/Src/stm32f4xx_hal_msp.c:680:6:HAL_HCD_MspDeInit	16	static
../Core/Src/stm32f4xx_hal_msp.c:707:13:HAL_FMC_MspInit	32	static
../Core/Src/stm32f4xx_hal_msp.c:813:6:HAL_SDRAM_MspInit	16	static
../Core/Src/stm32f4xx_hal_msp.c:825:13:HAL_FMC_MspDeInit	8	static
../Core/Src/stm32f4xx_hal_msp.c:899:6:HAL_SDRAM_MspDeInit	16	static
